52717 train / 3210 held-out prompts (disjoint)
evaluating on 400 stratified: add=50 count=50 last=50 max=50 mul=50 reverse=50 sort=50 sub=50
loaded base model from out/alignment/base/final.pt

--- stage 0: BASE (pretrained, no chat format) ---
  overall exact-match: 0.000
  overall n=400
  by task: add=0.00(n=50)  count=0.00(n=50)  last=0.00(n=50)  max=0.00(n=50)  mul=0.00(n=50)  reverse=0.00(n=50)  sort=0.00(n=50)  sub=0.00(n=50)
    '11 + 81 ='                -> '11 + 81 = 90\ns' (want '92') r=0.0
    '68 + 38 ='                -> '68 + 38 = 106\n' (want '106') r=0.0
    '19 + 24 ='                -> '19 + 24 = 48\ns' (want '43') r=0.0
    '81 + 57 ='                -> '81 + 57 = 143\n' (want '138') r=0.0

SFT data: 52717 demonstrations, 23643 (45%) randomly wrong
sft step    0/2472 ep0 | loss 7.9673 | lr 4.07e-06 | gnorm 11.36 | mask waste 0.90
sft step  411/2472 ep0 | loss 0.9804 | lr 4.84e-04 | gnorm  1.89 | mask waste 0.90
sft step  822/2472 ep0 | loss 0.8981 | lr 4.09e-04 | gnorm  1.23 | mask waste 0.90
  epoch 0: val loss 0.3371
sft step 1233/2472 ep1 | loss 0.7631 | lr 2.94e-04 | gnorm  1.19 | mask waste 0.90
sft step 1644/2472 ep1 | loss 0.8524 | lr 1.74e-04 | gnorm  1.42 | mask waste 0.90
  epoch 1: val loss 0.2670
sft step 2055/2472 ep2 | loss 0.5783 | lr 8.41e-05 | gnorm  1.32 | mask waste 0.90
sft step 2466/2472 ep2 | loss 0.4513 | lr 5.00e-05 | gnorm  1.11 | mask waste 0.90
  epoch 2: val loss 0.2242

--- stage 1: SFT (noisy demonstrations) ---
  overall exact-match: 0.777
  overall n=400
  by task: add=0.42(n=50)  count=0.94(n=50)  last=1.00(n=50)  max=1.00(n=50)  mul=0.64(n=50)  reverse=0.94(n=50)  sort=0.98(n=50)  sub=0.30(n=50)
  pass@1=0.377  pass@4=0.777  pass@8=0.891
    '11 + 81 ='                -> '91'         (want '92') r=0.0
    '68 + 38 ='                -> '106'        (want '106') r=1.0
    '19 + 24 ='                -> '4'          (want '43') r=0.0
    '81 + 57 ='                -> '138'        (want '138') r=1.0

DPO data: 52717 preference pairs
dpo step    0/824 | loss 0.6931 | acc 0.406 | margin +0.000 | logp_w -1.17 logp_l -4.10
dpo step  274/824 | loss 0.5469 | acc 0.969 | margin +0.339 | logp_w -0.55 logp_l -7.53
dpo step  548/824 | loss 0.4975 | acc 0.953 | margin +0.484 | logp_w -0.65 logp_l -9.07
dpo step  822/824 | loss 0.4582 | acc 1.000 | margin +0.609 | logp_w -0.42 logp_l -10.08

--- stage 2: DPO ---
  overall exact-match: 0.797
  overall n=400
  by task: add=0.50(n=50)  count=0.94(n=50)  last=1.00(n=50)  max=1.00(n=50)  mul=0.62(n=50)  reverse=0.96(n=50)  sort=0.96(n=50)  sub=0.40(n=50)
  pass@1=0.695  pass@4=0.842  pass@8=0.891
    '11 + 81 ='                -> '91'         (want '92') r=0.0
    '68 + 38 ='                -> '106'        (want '106') r=1.0
    '19 + 24 ='                -> '42'         (want '43') r=0.0
    '81 + 57 ='                -> '138'        (want '138') r=1.0

GRPO: 120 iterations x 8 prompts x 8 samples = 7680 rollouts
grpo it   0 | reward 0.750 | zero-var 0.75 | kl 0.0000 | clip 0.000 | H 0.323 | 0.2s | eval 0.812
grpo it  12 | reward 0.734 | zero-var 0.38 | kl 0.0007 | clip 0.000 | H 0.230 | 0.2s | eval 0.812
grpo it  24 | reward 0.953 | zero-var 0.62 | kl 0.0003 | clip 0.000 | H 0.088 | 0.2s | eval 0.812
grpo it  36 | reward 0.766 | zero-var 0.50 | kl 0.0039 | clip 0.000 | H 0.249 | 0.2s | eval 0.825
grpo it  48 | reward 0.953 | zero-var 0.75 | kl 0.0005 | clip 0.000 | H 0.076 | 0.2s | eval 0.838
grpo it  60 | reward 0.844 | zero-var 0.75 | kl 0.0048 | clip 0.000 | H 0.168 | 0.2s | eval 0.800
grpo it  72 | reward 0.938 | zero-var 0.88 | kl 0.0004 | clip 0.000 | H 0.139 | 0.2s | eval 0.812
grpo it  84 | reward 0.719 | zero-var 0.62 | kl 0.0035 | clip 0.000 | H 0.135 | 0.2s | eval 0.812
grpo it  96 | reward 0.688 | zero-var 0.25 | kl 0.0102 | clip 0.000 | H 0.379 | 0.2s | eval 0.812
grpo it 108 | reward 0.750 | zero-var 0.62 | kl 0.0112 | clip 0.000 | H 0.252 | 0.2s | eval 0.812
grpo it 119 | reward 0.922 | zero-var 0.62 | kl 0.0045 | clip 0.000 | H 0.115 | 0.2s | eval 0.825

--- stage 3: GRPO (RLVR) ---
  overall exact-match: 0.800
  overall n=400
  by task: add=0.46(n=50)  count=0.94(n=50)  last=1.00(n=50)  max=1.00(n=50)  mul=0.64(n=50)  reverse=0.96(n=50)  sort=0.98(n=50)  sub=0.42(n=50)
  pass@1=0.709  pass@4=0.897  pass@8=0.938
    '11 + 81 ='                -> '91'         (want '92') r=0.0
    '68 + 38 ='                -> '106'        (want '106') r=1.0
    '19 + 24 ='                -> '42'         (want '43') r=0.0
    '81 + 57 ='                -> '138'        (want '138') r=1.0

======================================================================
SUMMARY  (held-out exact match, greedy decoding)
======================================================================
  base   0.000
  SFT    0.777   95% CI [0.735, 0.820]   pass@1=0.377 pass@8=0.891
  DPO    0.797   95% CI [0.757, 0.838]   pass@1=0.695 pass@8=0.891
  GRPO   0.800   95% CI [0.760, 0.838]   pass@1=0.709 pass@8=0.938

  McNemar SFT -> DPO: DPO fixed 19, broke 11, p = 0.2005
  McNemar DPO -> GRPO: GRPO fixed 11, broke 10, p = 1.0000
  McNemar SFT -> GRPO: GRPO fixed 23, broke 14, p = 0.1877

wrote out/align_randnoise/report.json
