measured matmul throughput: 6.35TFLOP/s
model: 984.32K params (853.12K non-embedding) | device mps | amp none
batch 32 x accum 1 x block 256 = 8.19K tokens/step
step     0 | loss 6.9236 | lr 1.00e-05 | gnorm  1.283 |    21.8k tok/s | mfu  2.3%
step     9 | loss 6.7528 | lr 1.00e-04 | gnorm  1.515 |   122.1k tok/s | mfu 12.9%
step    19 | loss 6.5508 | lr 2.00e-04 | gnorm  1.071 |   121.9k tok/s | mfu 12.8%
step    29 | loss 6.3128 | lr 3.00e-04 | gnorm  1.025 |   121.9k tok/s | mfu 12.8%
step    39 | loss 6.0323 | lr 4.00e-04 | gnorm  0.929 |   122.3k tok/s | mfu 12.9%
step    49 | loss 5.8115 | lr 5.00e-04 | gnorm  0.790 |   122.0k tok/s | mfu 12.8%
step    59 | loss 5.7140 | lr 6.00e-04 | gnorm  0.563 |   111.9k tok/s | mfu 11.8%
step    69 | loss 5.5335 | lr 7.00e-04 | gnorm  0.548 |   108.5k tok/s | mfu 11.4%
step    79 | loss 5.2801 | lr 8.00e-04 | gnorm  0.585 |   111.6k tok/s | mfu 11.7%
step    89 | loss 5.0850 | lr 9.00e-04 | gnorm  0.429 |   107.8k tok/s | mfu 11.3%
step    99 | loss 4.8457 | lr 1.00e-03 | gnorm  0.382 |   108.5k tok/s | mfu 11.4%
  eval @ 100: val_loss 4.7673 ppl 117.60
step   109 | loss 4.7746 | lr 1.00e-03 | gnorm  0.451 |   122.1k tok/s | mfu 12.8%
step   119 | loss 4.7511 | lr 1.00e-03 | gnorm  0.517 |   123.0k tok/s | mfu 13.0%
step   129 | loss 4.4752 | lr 9.99e-04 | gnorm  0.448 |   122.2k tok/s | mfu 12.9%
step   139 | loss 4.3792 | lr 9.98e-04 | gnorm  0.527 |   122.5k tok/s | mfu 12.9%
step   149 | loss 4.3227 | lr 9.97e-04 | gnorm  0.577 |   122.0k tok/s | mfu 12.8%
step   159 | loss 4.2465 | lr 9.96e-04 | gnorm  0.431 |   122.7k tok/s | mfu 12.9%
step   169 | loss 4.2393 | lr 9.95e-04 | gnorm  0.427 |   122.3k tok/s | mfu 12.9%
step   179 | loss 4.1603 | lr 9.93e-04 | gnorm  0.468 |   122.1k tok/s | mfu 12.9%
step   189 | loss 4.1304 | lr 9.91e-04 | gnorm  0.499 |   122.1k tok/s | mfu 12.9%
step   199 | loss 4.0398 | lr 9.89e-04 | gnorm  0.456 |   121.9k tok/s | mfu 12.8%
  eval @ 200: val_loss 3.9548 ppl 52.19
step   209 | loss 3.9878 | lr 9.87e-04 | gnorm  0.486 |   109.1k tok/s | mfu 11.5%
step   219 | loss 3.9993 | lr 9.84e-04 | gnorm  0.507 |   110.8k tok/s | mfu 11.7%
step   229 | loss 3.9225 | lr 9.81e-04 | gnorm  0.475 |   109.8k tok/s | mfu 11.6%
step   239 | loss 3.7932 | lr 9.78e-04 | gnorm  0.495 |   107.8k tok/s | mfu 11.3%
step   249 | loss 3.7874 | lr 9.75e-04 | gnorm  0.535 |   108.4k tok/s | mfu 11.4%
step   259 | loss 3.7706 | lr 9.72e-04 | gnorm  0.540 |   109.6k tok/s | mfu 11.5%
step   269 | loss 3.7186 | lr 9.68e-04 | gnorm  0.490 |   109.8k tok/s | mfu 11.6%
step   279 | loss 3.7642 | lr 9.64e-04 | gnorm  0.534 |   110.0k tok/s | mfu 11.6%
step   289 | loss 3.7352 | lr 9.60e-04 | gnorm  0.510 |   106.4k tok/s | mfu 11.2%
step   299 | loss 3.6332 | lr 9.56e-04 | gnorm  0.603 |   109.5k tok/s | mfu 11.5%
  eval @ 300: val_loss 3.6957 ppl 40.28
step   309 | loss 3.7245 | lr 9.51e-04 | gnorm  0.517 |   122.5k tok/s | mfu 12.9%
step   319 | loss 3.5854 | lr 9.47e-04 | gnorm  0.550 |   122.5k tok/s | mfu 12.9%
step   329 | loss 3.6296 | lr 9.42e-04 | gnorm  0.610 |   122.4k tok/s | mfu 12.9%
step   339 | loss 3.5322 | lr 9.37e-04 | gnorm  0.525 |   122.2k tok/s | mfu 12.9%
step   349 | loss 3.6507 | lr 9.32e-04 | gnorm  0.546 |   122.9k tok/s | mfu 12.9%
step   359 | loss 3.5386 | lr 9.26e-04 | gnorm  0.553 |   122.1k tok/s | mfu 12.9%
step   369 | loss 3.5463 | lr 9.20e-04 | gnorm  0.582 |   122.5k tok/s | mfu 12.9%
step   379 | loss 3.4958 | lr 9.15e-04 | gnorm  0.602 |   122.2k tok/s | mfu 12.9%
step   389 | loss 3.4864 | lr 9.09e-04 | gnorm  0.534 |   122.5k tok/s | mfu 12.9%
step   399 | loss 3.5063 | lr 9.02e-04 | gnorm  0.577 |   122.2k tok/s | mfu 12.9%
  eval @ 400: val_loss 3.5283 ppl 34.07
step   409 | loss 3.4223 | lr 8.96e-04 | gnorm  0.576 |   122.2k tok/s | mfu 12.9%
step   419 | loss 3.3928 | lr 8.90e-04 | gnorm  0.604 |   123.0k tok/s | mfu 12.9%
step   429 | loss 3.4753 | lr 8.83e-04 | gnorm  0.578 |   122.5k tok/s | mfu 12.9%
step   439 | loss 3.3972 | lr 8.76e-04 | gnorm  0.626 |   122.3k tok/s | mfu 12.9%
step   449 | loss 3.3777 | lr 8.69e-04 | gnorm  0.570 |   109.3k tok/s | mfu 11.5%
step   459 | loss 3.4568 | lr 8.62e-04 | gnorm  0.596 |   109.4k tok/s | mfu 11.5%
step   469 | loss 3.3595 | lr 8.54e-04 | gnorm  0.601 |   110.7k tok/s | mfu 11.7%
step   479 | loss 3.3323 | lr 8.47e-04 | gnorm  0.566 |   116.1k tok/s | mfu 12.2%
step   489 | loss 3.3282 | lr 8.39e-04 | gnorm  0.602 |   108.8k tok/s | mfu 11.5%
step   499 | loss 3.3957 | lr 8.31e-04 | gnorm  0.611 |   109.0k tok/s | mfu 11.5%
  eval @ 500: val_loss 3.4217 ppl 30.62
step   509 | loss 3.3586 | lr 8.23e-04 | gnorm  0.597 |   122.5k tok/s | mfu 12.9%
step   519 | loss 3.3364 | lr 8.15e-04 | gnorm  0.613 |   122.2k tok/s | mfu 12.9%
step   529 | loss 3.3889 | lr 8.07e-04 | gnorm  0.632 |   122.5k tok/s | mfu 12.9%
step   539 | loss 3.1897 | lr 7.99e-04 | gnorm  0.606 |   121.8k tok/s | mfu 12.8%
step   549 | loss 3.2838 | lr 7.90e-04 | gnorm  0.604 |   122.0k tok/s | mfu 12.8%
step   559 | loss 3.3423 | lr 7.82e-04 | gnorm  0.611 |   121.9k tok/s | mfu 12.8%
step   569 | loss 3.2855 | lr 7.73e-04 | gnorm  0.607 |   122.1k tok/s | mfu 12.9%
step   579 | loss 3.2928 | lr 7.64e-04 | gnorm  0.595 |   122.2k tok/s | mfu 12.9%
step   589 | loss 3.2466 | lr 7.55e-04 | gnorm  0.595 |   122.3k tok/s | mfu 12.9%
step   599 | loss 3.2866 | lr 7.46e-04 | gnorm  0.666 |   122.1k tok/s | mfu 12.9%
  eval @ 600: val_loss 3.3748 ppl 29.22
step   609 | loss 3.2035 | lr 7.37e-04 | gnorm  0.587 |   122.3k tok/s | mfu 12.9%
step   619 | loss 3.3073 | lr 7.28e-04 | gnorm  0.613 |   122.3k tok/s | mfu 12.9%
step   629 | loss 3.2753 | lr 7.18e-04 | gnorm  0.627 |   122.3k tok/s | mfu 12.9%
step   639 | loss 3.2571 | lr 7.09e-04 | gnorm  0.598 |   122.3k tok/s | mfu 12.9%
step   649 | loss 3.1569 | lr 7.00e-04 | gnorm  0.618 |   121.7k tok/s | mfu 12.8%
step   659 | loss 3.2187 | lr 6.90e-04 | gnorm  0.634 |   122.7k tok/s | mfu 12.9%
step   669 | loss 3.0756 | lr 6.80e-04 | gnorm  0.597 |   122.6k tok/s | mfu 12.9%
step   679 | loss 3.2056 | lr 6.71e-04 | gnorm  0.634 |   122.8k tok/s | mfu 12.9%
step   689 | loss 3.1765 | lr 6.61e-04 | gnorm  0.621 |   121.1k tok/s | mfu 12.7%
step   699 | loss 3.2105 | lr 6.51e-04 | gnorm  0.631 |   123.6k tok/s | mfu 13.0%
  eval @ 700: val_loss 3.3381 ppl 28.16
step   709 | loss 3.1427 | lr 6.41e-04 | gnorm  0.650 |   123.3k tok/s | mfu 13.0%
step   719 | loss 3.0798 | lr 6.31e-04 | gnorm  0.639 |   122.4k tok/s | mfu 12.9%
step   729 | loss 3.0306 | lr 6.21e-04 | gnorm  0.630 |   123.7k tok/s | mfu 13.0%
step   739 | loss 3.2417 | lr 6.11e-04 | gnorm  0.654 |   123.4k tok/s | mfu 13.0%
step   749 | loss 3.1379 | lr 6.01e-04 | gnorm  0.655 |   123.0k tok/s | mfu 12.9%
step   759 | loss 3.0980 | lr 5.91e-04 | gnorm  0.644 |   123.2k tok/s | mfu 13.0%
step   769 | loss 3.1155 | lr 5.81e-04 | gnorm  0.640 |   122.5k tok/s | mfu 12.9%
step   779 | loss 3.1110 | lr 5.71e-04 | gnorm  0.644 |   122.9k tok/s | mfu 12.9%
step   789 | loss 3.1240 | lr 5.61e-04 | gnorm  0.658 |   123.0k tok/s | mfu 12.9%
step   799 | loss 3.1205 | lr 5.51e-04 | gnorm  0.632 |   122.7k tok/s | mfu 12.9%
  eval @ 800: val_loss 3.3157 ppl 27.54
step   809 | loss 3.0912 | lr 5.41e-04 | gnorm  0.658 |   123.3k tok/s | mfu 13.0%
step   819 | loss 3.0695 | lr 5.31e-04 | gnorm  0.657 |   122.7k tok/s | mfu 12.9%
step   829 | loss 3.2116 | lr 5.21e-04 | gnorm  0.649 |   122.6k tok/s | mfu 12.9%
step   839 | loss 3.1291 | lr 5.11e-04 | gnorm  0.664 |   122.8k tok/s | mfu 12.9%
step   849 | loss 3.1023 | lr 5.01e-04 | gnorm  0.624 |   122.4k tok/s | mfu 12.9%
step   859 | loss 3.1361 | lr 4.91e-04 | gnorm  0.652 |   123.1k tok/s | mfu 13.0%
step   869 | loss 3.1283 | lr 4.81e-04 | gnorm  0.684 |   123.7k tok/s | mfu 13.0%
step   879 | loss 3.0813 | lr 4.71e-04 | gnorm  0.686 |   121.8k tok/s | mfu 12.8%
step   889 | loss 3.1126 | lr 4.61e-04 | gnorm  0.642 |   123.7k tok/s | mfu 13.0%
step   899 | loss 3.1184 | lr 4.51e-04 | gnorm  0.672 |   123.5k tok/s | mfu 13.0%
  eval @ 900: val_loss 3.3090 ppl 27.36
step   909 | loss 3.1787 | lr 4.41e-04 | gnorm  0.695 |   123.2k tok/s | mfu 13.0%
step   919 | loss 3.0341 | lr 4.31e-04 | gnorm  0.654 |   123.7k tok/s | mfu 13.0%
step   929 | loss 2.9624 | lr 4.22e-04 | gnorm  0.636 |   124.0k tok/s | mfu 13.1%
step   939 | loss 3.0115 | lr 4.12e-04 | gnorm  0.668 |   122.4k tok/s | mfu 12.9%
step   949 | loss 3.0331 | lr 4.02e-04 | gnorm  0.688 |   123.9k tok/s | mfu 13.0%
step   959 | loss 2.9994 | lr 3.93e-04 | gnorm  0.672 |   123.9k tok/s | mfu 13.0%
step   969 | loss 2.9927 | lr 3.83e-04 | gnorm  0.667 |   122.5k tok/s | mfu 12.9%
step   979 | loss 3.0414 | lr 3.74e-04 | gnorm  0.696 |   121.1k tok/s | mfu 12.7%
step   989 | loss 3.1410 | lr 3.65e-04 | gnorm  0.674 |   123.9k tok/s | mfu 13.0%
step   999 | loss 3.0259 | lr 3.56e-04 | gnorm  0.660 |   123.2k tok/s | mfu 13.0%
  eval @ 1000: val_loss 3.2898 ppl 26.84
step  1009 | loss 3.1045 | lr 3.47e-04 | gnorm  0.688 |   123.4k tok/s | mfu 13.0%
step  1019 | loss 3.0479 | lr 3.38e-04 | gnorm  0.666 |   123.1k tok/s | mfu 13.0%
step  1029 | loss 3.0307 | lr 3.29e-04 | gnorm  0.666 |   124.0k tok/s | mfu 13.0%
step  1039 | loss 3.0838 | lr 3.20e-04 | gnorm  0.671 |   123.2k tok/s | mfu 13.0%
step  1049 | loss 3.0983 | lr 3.11e-04 | gnorm  0.673 |   124.1k tok/s | mfu 13.1%
step  1059 | loss 3.0099 | lr 3.03e-04 | gnorm  0.667 |   123.8k tok/s | mfu 13.0%
step  1069 | loss 3.0158 | lr 2.95e-04 | gnorm  0.670 |   123.2k tok/s | mfu 13.0%
step  1079 | loss 3.0106 | lr 2.86e-04 | gnorm  0.694 |   123.9k tok/s | mfu 13.0%
step  1089 | loss 3.0652 | lr 2.78e-04 | gnorm  0.662 |   122.9k tok/s | mfu 12.9%
step  1099 | loss 2.9646 | lr 2.70e-04 | gnorm  0.663 |   123.1k tok/s | mfu 13.0%
  eval @ 1100: val_loss 3.2796 ppl 26.56
step  1109 | loss 2.9402 | lr 2.62e-04 | gnorm  0.675 |   122.4k tok/s | mfu 12.9%
step  1119 | loss 2.9954 | lr 2.55e-04 | gnorm  0.670 |   124.1k tok/s | mfu 13.1%
step  1129 | loss 3.0195 | lr 2.47e-04 | gnorm  0.664 |   123.7k tok/s | mfu 13.0%
step  1139 | loss 2.9772 | lr 2.40e-04 | gnorm  0.680 |   123.7k tok/s | mfu 13.0%
step  1149 | loss 3.0137 | lr 2.33e-04 | gnorm  0.654 |   124.0k tok/s | mfu 13.1%
step  1159 | loss 3.0471 | lr 2.25e-04 | gnorm  0.662 |   122.7k tok/s | mfu 12.9%
step  1169 | loss 3.0637 | lr 2.19e-04 | gnorm  0.656 |   124.1k tok/s | mfu 13.1%
step  1179 | loss 3.0558 | lr 2.12e-04 | gnorm  0.678 |   124.0k tok/s | mfu 13.1%
step  1189 | loss 3.0619 | lr 2.05e-04 | gnorm  0.664 |   123.0k tok/s | mfu 12.9%
step  1199 | loss 3.0405 | lr 1.99e-04 | gnorm  0.678 |   124.1k tok/s | mfu 13.1%
  eval @ 1200: val_loss 3.2548 ppl 25.92
step  1209 | loss 2.9781 | lr 1.93e-04 | gnorm  0.686 |   123.1k tok/s | mfu 13.0%
step  1219 | loss 2.9718 | lr 1.87e-04 | gnorm  0.671 |   124.2k tok/s | mfu 13.1%
step  1229 | loss 2.9876 | lr 1.81e-04 | gnorm  0.675 |   123.3k tok/s | mfu 13.0%
step  1239 | loss 2.9071 | lr 1.75e-04 | gnorm  0.662 |   124.0k tok/s | mfu 13.1%
step  1249 | loss 2.9620 | lr 1.70e-04 | gnorm  0.663 |   123.0k tok/s | mfu 12.9%
step  1259 | loss 2.9991 | lr 1.64e-04 | gnorm  0.685 |   122.9k tok/s | mfu 12.9%
step  1269 | loss 3.0849 | lr 1.59e-04 | gnorm  0.688 |   116.5k tok/s | mfu 12.3%
step  1279 | loss 2.9893 | lr 1.54e-04 | gnorm  0.698 |   122.9k tok/s | mfu 12.9%
step  1289 | loss 3.0262 | lr 1.50e-04 | gnorm  0.677 |   123.5k tok/s | mfu 13.0%
step  1299 | loss 2.9725 | lr 1.45e-04 | gnorm  0.715 |   124.1k tok/s | mfu 13.1%
  eval @ 1300: val_loss 3.2541 ppl 25.90
step  1309 | loss 2.9955 | lr 1.41e-04 | gnorm  0.669 |   123.1k tok/s | mfu 13.0%
step  1319 | loss 2.9829 | lr 1.37e-04 | gnorm  0.688 |   123.1k tok/s | mfu 13.0%
step  1329 | loss 2.9980 | lr 1.33e-04 | gnorm  0.708 |   123.1k tok/s | mfu 13.0%
step  1339 | loss 2.9519 | lr 1.29e-04 | gnorm  0.681 |   123.4k tok/s | mfu 13.0%
step  1349 | loss 2.9411 | lr 1.26e-04 | gnorm  0.676 |   123.8k tok/s | mfu 13.0%
step  1359 | loss 3.0483 | lr 1.22e-04 | gnorm  0.691 |   122.7k tok/s | mfu 12.9%
step  1369 | loss 2.9242 | lr 1.19e-04 | gnorm  0.692 |   122.4k tok/s | mfu 12.9%
step  1379 | loss 2.9970 | lr 1.16e-04 | gnorm  0.679 |   108.7k tok/s | mfu 11.4%
step  1389 | loss 3.0008 | lr 1.14e-04 | gnorm  0.675 |   122.0k tok/s | mfu 12.8%
step  1399 | loss 3.0195 | lr 1.12e-04 | gnorm  0.689 |   123.9k tok/s | mfu 13.0%
  eval @ 1400: val_loss 3.2473 ppl 25.72
step  1409 | loss 3.0157 | lr 1.09e-04 | gnorm  0.683 |   122.7k tok/s | mfu 12.9%
step  1419 | loss 2.9571 | lr 1.07e-04 | gnorm  0.682 |   124.0k tok/s | mfu 13.1%
step  1429 | loss 3.0134 | lr 1.06e-04 | gnorm  0.680 |   122.7k tok/s | mfu 12.9%
step  1439 | loss 3.0771 | lr 1.04e-04 | gnorm  0.689 |   124.0k tok/s | mfu 13.1%
step  1449 | loss 3.0384 | lr 1.03e-04 | gnorm  0.703 |   122.4k tok/s | mfu 12.9%
step  1459 | loss 2.8703 | lr 1.02e-04 | gnorm  0.684 |   121.9k tok/s | mfu 12.8%
step  1469 | loss 2.8855 | lr 1.01e-04 | gnorm  0.671 |   123.0k tok/s | mfu 12.9%
step  1479 | loss 3.0792 | lr 1.00e-04 | gnorm  0.693 |   123.4k tok/s | mfu 13.0%
step  1489 | loss 2.8504 | lr 1.00e-04 | gnorm  0.695 |   122.9k tok/s | mfu 12.9%
step  1499 | loss 3.0180 | lr 1.00e-04 | gnorm  0.715 |   123.1k tok/s | mfu 13.0%
  eval @ 1500: val_loss 3.2433 ppl 25.62
BEST 3.2433498116487955
