measured matmul throughput: 6.39TFLOP/s
model: 11.02M params (10.62M non-embedding) | device mps | amp none
batch 32 x accum 1 x block 256 = 8.19K tokens/step
step     0 | loss 6.9632 | lr 1.00e-05 | gnorm  6.149 |    24.8k tok/s | mfu 27.0%
step     9 | loss 6.2450 | lr 1.00e-04 | gnorm  1.492 |    29.8k tok/s | mfu 32.4%
step    19 | loss 5.8813 | lr 2.00e-04 | gnorm  1.292 |    29.7k tok/s | mfu 32.4%
step    29 | loss 5.4874 | lr 3.00e-04 | gnorm  1.090 |    29.7k tok/s | mfu 32.4%
step    39 | loss 5.0501 | lr 4.00e-04 | gnorm  1.179 |    29.9k tok/s | mfu 32.6%
step    49 | loss 4.5641 | lr 5.00e-04 | gnorm  0.840 |    29.8k tok/s | mfu 32.5%
step    59 | loss 4.3969 | lr 6.00e-04 | gnorm  0.800 |    29.7k tok/s | mfu 32.4%
step    69 | loss 4.1802 | lr 7.00e-04 | gnorm  0.708 |    29.7k tok/s | mfu 32.3%
step    79 | loss 3.9095 | lr 8.00e-04 | gnorm  0.842 |    29.8k tok/s | mfu 32.4%
step    89 | loss 3.8359 | lr 9.00e-04 | gnorm  0.715 |    29.8k tok/s | mfu 32.4%
step    99 | loss 3.6771 | lr 1.00e-03 | gnorm  0.786 |    29.7k tok/s | mfu 32.4%
step   109 | loss 3.7102 | lr 1.00e-03 | gnorm  0.721 |    29.7k tok/s | mfu 32.4%
step   119 | loss 3.7785 | lr 1.00e-03 | gnorm  0.725 |    29.8k tok/s | mfu 32.4%
step   129 | loss 3.5170 | lr 9.99e-04 | gnorm  0.741 |    29.7k tok/s | mfu 32.3%
step   139 | loss 3.4594 | lr 9.99e-04 | gnorm  0.845 |    29.8k tok/s | mfu 32.4%
step   149 | loss 3.3715 | lr 9.99e-04 | gnorm  0.745 |    29.7k tok/s | mfu 32.4%
step   159 | loss 3.3346 | lr 9.98e-04 | gnorm  0.788 |    29.7k tok/s | mfu 32.4%
step   169 | loss 3.3100 | lr 9.97e-04 | gnorm  0.796 |    29.7k tok/s | mfu 32.4%
step   179 | loss 3.2501 | lr 9.96e-04 | gnorm  0.778 |    29.7k tok/s | mfu 32.3%
step   189 | loss 3.1846 | lr 9.95e-04 | gnorm  0.831 |    29.8k tok/s | mfu 32.4%
step   199 | loss 3.0625 | lr 9.94e-04 | gnorm  0.787 |    29.7k tok/s | mfu 32.4%
step   209 | loss 3.0619 | lr 9.93e-04 | gnorm  0.871 |    29.7k tok/s | mfu 32.4%
step   219 | loss 3.0360 | lr 9.91e-04 | gnorm  0.831 |    29.7k tok/s | mfu 32.4%
step   229 | loss 2.9719 | lr 9.90e-04 | gnorm  0.782 |    29.7k tok/s | mfu 32.3%
step   239 | loss 2.7816 | lr 9.88e-04 | gnorm  0.777 |    29.7k tok/s | mfu 32.4%
step   249 | loss 2.8130 | lr 9.86e-04 | gnorm  0.783 |    29.7k tok/s | mfu 32.3%
  eval @ 250: val_loss 3.3599 ppl 28.79
step   259 | loss 2.7638 | lr 9.85e-04 | gnorm  0.811 |    29.7k tok/s | mfu 32.4%
step   269 | loss 2.7722 | lr 9.83e-04 | gnorm  0.820 |    29.7k tok/s | mfu 32.3%
step   279 | loss 2.8258 | lr 9.80e-04 | gnorm  0.856 |    29.6k tok/s | mfu 32.3%
step   289 | loss 2.7290 | lr 9.78e-04 | gnorm  0.813 |    29.7k tok/s | mfu 32.4%
step   299 | loss 2.7014 | lr 9.76e-04 | gnorm  0.821 |    29.7k tok/s | mfu 32.3%
step   309 | loss 2.7170 | lr 9.73e-04 | gnorm  0.869 |    29.7k tok/s | mfu 32.3%
step   319 | loss 2.5093 | lr 9.71e-04 | gnorm  0.885 |    29.7k tok/s | mfu 32.3%
step   329 | loss 2.5561 | lr 9.68e-04 | gnorm  0.903 |    29.7k tok/s | mfu 32.3%
step   339 | loss 2.4738 | lr 9.65e-04 | gnorm  0.854 |    29.6k tok/s | mfu 32.3%
step   349 | loss 2.5482 | lr 9.62e-04 | gnorm  0.984 |    29.6k tok/s | mfu 32.3%
step   359 | loss 2.4386 | lr 9.59e-04 | gnorm  0.902 |    29.6k tok/s | mfu 32.3%
step   369 | loss 2.4563 | lr 9.56e-04 | gnorm  0.942 |    29.6k tok/s | mfu 32.3%
step   379 | loss 2.3969 | lr 9.53e-04 | gnorm  0.984 |    29.6k tok/s | mfu 32.2%
step   389 | loss 2.3604 | lr 9.50e-04 | gnorm  0.976 |    29.6k tok/s | mfu 32.2%
step   399 | loss 2.3987 | lr 9.46e-04 | gnorm  1.011 |    29.6k tok/s | mfu 32.3%
step   409 | loss 2.2997 | lr 9.43e-04 | gnorm  1.029 |    29.7k tok/s | mfu 32.3%
step   419 | loss 2.2968 | lr 9.39e-04 | gnorm  1.036 |    29.7k tok/s | mfu 32.3%
step   429 | loss 2.1676 | lr 9.35e-04 | gnorm  1.060 |    29.6k tok/s | mfu 32.3%
step   439 | loss 2.0858 | lr 9.31e-04 | gnorm  1.090 |    29.8k tok/s | mfu 32.5%
step   449 | loss 2.1290 | lr 9.27e-04 | gnorm  1.109 |    29.7k tok/s | mfu 32.4%
step   459 | loss 2.2219 | lr 9.23e-04 | gnorm  1.188 |    29.6k tok/s | mfu 32.2%
step   469 | loss 2.1006 | lr 9.19e-04 | gnorm  1.081 |    29.6k tok/s | mfu 32.3%
step   479 | loss 1.9280 | lr 9.14e-04 | gnorm  1.087 |    29.7k tok/s | mfu 32.3%
step   489 | loss 1.9435 | lr 9.10e-04 | gnorm  1.106 |    29.7k tok/s | mfu 32.3%
step   499 | loss 2.0072 | lr 9.06e-04 | gnorm  1.183 |    29.6k tok/s | mfu 32.3%
  eval @ 500: val_loss 3.5914 ppl 36.28
step   509 | loss 1.8376 | lr 9.01e-04 | gnorm  1.164 |    29.8k tok/s | mfu 32.4%
step   519 | loss 1.8471 | lr 8.96e-04 | gnorm  1.175 |    29.7k tok/s | mfu 32.3%
step   529 | loss 1.9241 | lr 8.91e-04 | gnorm  1.316 |    29.6k tok/s | mfu 32.3%
step   539 | loss 1.6726 | lr 8.87e-04 | gnorm  1.193 |    29.7k tok/s | mfu 32.4%
step   549 | loss 1.8157 | lr 8.82e-04 | gnorm  1.225 |    29.6k tok/s | mfu 32.3%
step   559 | loss 1.8676 | lr 8.77e-04 | gnorm  1.284 |    29.7k tok/s | mfu 32.4%
step   569 | loss 1.7489 | lr 8.71e-04 | gnorm  1.267 |    29.7k tok/s | mfu 32.3%
step   579 | loss 1.5858 | lr 8.66e-04 | gnorm  1.282 |    29.7k tok/s | mfu 32.3%
step   589 | loss 1.6677 | lr 8.61e-04 | gnorm  1.347 |    29.7k tok/s | mfu 32.3%
step   599 | loss 1.6452 | lr 8.55e-04 | gnorm  1.345 |    29.7k tok/s | mfu 32.3%
step   609 | loss 1.5750 | lr 8.50e-04 | gnorm  1.341 |    29.6k tok/s | mfu 32.3%
step   619 | loss 1.5658 | lr 8.44e-04 | gnorm  1.373 |    29.7k tok/s | mfu 32.3%
step   629 | loss 1.4928 | lr 8.39e-04 | gnorm  1.383 |    29.7k tok/s | mfu 32.3%
step   639 | loss 1.3419 | lr 8.33e-04 | gnorm  1.347 |    29.7k tok/s | mfu 32.3%
step   649 | loss 1.2802 | lr 8.27e-04 | gnorm  1.329 |    29.6k tok/s | mfu 32.3%
step   659 | loss 1.2693 | lr 8.21e-04 | gnorm  1.377 |    29.6k tok/s | mfu 32.3%
step   669 | loss 1.3538 | lr 8.15e-04 | gnorm  1.405 |    29.7k tok/s | mfu 32.3%
step   679 | loss 1.2474 | lr 8.09e-04 | gnorm  1.388 |    29.7k tok/s | mfu 32.3%
step   689 | loss 1.1641 | lr 8.03e-04 | gnorm  1.378 |    29.6k tok/s | mfu 32.3%
step   699 | loss 1.1204 | lr 7.97e-04 | gnorm  1.392 |    29.6k tok/s | mfu 32.3%
step   709 | loss 1.0752 | lr 7.90e-04 | gnorm  1.479 |    29.7k tok/s | mfu 32.3%
step   719 | loss 1.0772 | lr 7.84e-04 | gnorm  1.373 |    29.7k tok/s | mfu 32.3%
step   729 | loss 0.9637 | lr 7.78e-04 | gnorm  1.313 |    29.6k tok/s | mfu 32.3%
step   739 | loss 1.1948 | lr 7.71e-04 | gnorm  1.520 |    29.6k tok/s | mfu 32.2%
step   749 | loss 0.9785 | lr 7.65e-04 | gnorm  1.405 |    29.7k tok/s | mfu 32.3%
  eval @ 750: val_loss 4.2508 ppl 70.16
step   759 | loss 0.9697 | lr 7.58e-04 | gnorm  1.422 |    29.7k tok/s | mfu 32.3%
step   769 | loss 0.9095 | lr 7.52e-04 | gnorm  1.465 |    29.7k tok/s | mfu 32.4%
step   779 | loss 0.9519 | lr 7.45e-04 | gnorm  1.387 |    29.7k tok/s | mfu 32.3%
step   789 | loss 0.7458 | lr 7.38e-04 | gnorm  1.271 |    29.7k tok/s | mfu 32.4%
step   799 | loss 0.8240 | lr 7.31e-04 | gnorm  1.369 |    29.7k tok/s | mfu 32.4%
step   809 | loss 0.7824 | lr 7.25e-04 | gnorm  1.353 |    29.7k tok/s | mfu 32.3%
step   819 | loss 0.8005 | lr 7.18e-04 | gnorm  1.348 |    29.7k tok/s | mfu 32.3%
step   829 | loss 0.8150 | lr 7.11e-04 | gnorm  1.411 |    29.7k tok/s | mfu 32.3%
step   839 | loss 0.8408 | lr 7.04e-04 | gnorm  1.461 |    29.7k tok/s | mfu 32.3%
step   849 | loss 0.6760 | lr 6.97e-04 | gnorm  1.283 |    29.7k tok/s | mfu 32.4%
step   859 | loss 0.8221 | lr 6.90e-04 | gnorm  1.440 |    29.7k tok/s | mfu 32.3%
step   869 | loss 0.6399 | lr 6.83e-04 | gnorm  1.314 |    29.7k tok/s | mfu 32.3%
step   879 | loss 0.7495 | lr 6.76e-04 | gnorm  1.476 |    29.7k tok/s | mfu 32.3%
step   889 | loss 0.6649 | lr 6.68e-04 | gnorm  1.357 |    29.7k tok/s | mfu 32.4%
step   899 | loss 0.6673 | lr 6.61e-04 | gnorm  1.389 |    29.6k tok/s | mfu 32.3%
step   909 | loss 0.5972 | lr 6.54e-04 | gnorm  1.308 |    29.7k tok/s | mfu 32.3%
step   919 | loss 0.5475 | lr 6.47e-04 | gnorm  1.253 |    29.6k tok/s | mfu 32.3%
step   929 | loss 0.5871 | lr 6.39e-04 | gnorm  1.300 |    29.6k tok/s | mfu 32.3%
step   939 | loss 0.4916 | lr 6.32e-04 | gnorm  1.191 |    29.8k tok/s | mfu 32.4%
step   949 | loss 0.5293 | lr 6.25e-04 | gnorm  1.293 |    29.7k tok/s | mfu 32.4%
step   959 | loss 0.5054 | lr 6.17e-04 | gnorm  1.251 |    29.6k tok/s | mfu 32.3%
step   969 | loss 0.4708 | lr 6.10e-04 | gnorm  1.245 |    29.7k tok/s | mfu 32.4%
step   979 | loss 0.5241 | lr 6.03e-04 | gnorm  1.333 |    29.7k tok/s | mfu 32.3%
step   989 | loss 0.4607 | lr 5.95e-04 | gnorm  1.239 |    29.6k tok/s | mfu 32.3%
step   999 | loss 0.4651 | lr 5.88e-04 | gnorm  1.241 |    29.7k tok/s | mfu 32.3%
  eval @ 1000: val_loss 4.9314 ppl 138.57
step  1009 | loss 0.4543 | lr 5.80e-04 | gnorm  1.223 |    29.8k tok/s | mfu 32.4%
step  1019 | loss 0.4053 | lr 5.73e-04 | gnorm  1.149 |    29.7k tok/s | mfu 32.4%
step  1029 | loss 0.4042 | lr 5.66e-04 | gnorm  1.177 |    29.7k tok/s | mfu 32.3%
step  1039 | loss 0.3800 | lr 5.58e-04 | gnorm  1.128 |    29.7k tok/s | mfu 32.4%
step  1049 | loss 0.3881 | lr 5.51e-04 | gnorm  1.140 |    29.7k tok/s | mfu 32.4%
step  1059 | loss 0.3677 | lr 5.43e-04 | gnorm  1.132 |    29.7k tok/s | mfu 32.4%
step  1069 | loss 0.3804 | lr 5.36e-04 | gnorm  1.175 |    29.7k tok/s | mfu 32.4%
step  1079 | loss 0.3147 | lr 5.28e-04 | gnorm  1.026 |    29.7k tok/s | mfu 32.3%
step  1089 | loss 0.4266 | lr 5.21e-04 | gnorm  1.282 |    29.7k tok/s | mfu 32.4%
step  1099 | loss 0.3500 | lr 5.14e-04 | gnorm  1.116 |    29.7k tok/s | mfu 32.3%
step  1109 | loss 0.3147 | lr 5.06e-04 | gnorm  1.068 |    29.7k tok/s | mfu 32.4%
step  1119 | loss 0.3170 | lr 4.99e-04 | gnorm  1.103 |    29.7k tok/s | mfu 32.4%
step  1129 | loss 0.3719 | lr 4.91e-04 | gnorm  1.192 |    29.7k tok/s | mfu 32.4%
step  1139 | loss 0.2895 | lr 4.84e-04 | gnorm  1.040 |    29.7k tok/s | mfu 32.3%
step  1149 | loss 0.3046 | lr 4.77e-04 | gnorm  1.034 |    29.7k tok/s | mfu 32.3%
step  1159 | loss 0.2816 | lr 4.69e-04 | gnorm  1.012 |    29.6k tok/s | mfu 32.3%
step  1169 | loss 0.2604 | lr 4.62e-04 | gnorm  0.942 |    29.6k tok/s | mfu 32.3%
step  1179 | loss 0.3020 | lr 4.55e-04 | gnorm  1.089 |    29.7k tok/s | mfu 32.3%
step  1189 | loss 0.3266 | lr 4.47e-04 | gnorm  1.136 |    29.7k tok/s | mfu 32.3%
step  1199 | loss 0.2747 | lr 4.40e-04 | gnorm  1.000 |    29.7k tok/s | mfu 32.3%
step  1209 | loss 0.2562 | lr 4.33e-04 | gnorm  0.983 |    29.7k tok/s | mfu 32.3%
step  1219 | loss 0.2488 | lr 4.26e-04 | gnorm  0.933 |    29.7k tok/s | mfu 32.3%
step  1229 | loss 0.2227 | lr 4.19e-04 | gnorm  0.885 |    29.6k tok/s | mfu 32.3%
step  1239 | loss 0.2669 | lr 4.12e-04 | gnorm  1.005 |    29.7k tok/s | mfu 32.4%
step  1249 | loss 0.2335 | lr 4.05e-04 | gnorm  0.881 |    29.7k tok/s | mfu 32.3%
  eval @ 1250: val_loss 5.3924 ppl 219.74
step  1259 | loss 0.2429 | lr 3.98e-04 | gnorm  0.941 |    29.8k tok/s | mfu 32.4%
step  1269 | loss 0.2177 | lr 3.91e-04 | gnorm  0.878 |    29.7k tok/s | mfu 32.3%
step  1279 | loss 0.2320 | lr 3.84e-04 | gnorm  0.895 |    29.6k tok/s | mfu 32.3%
step  1289 | loss 0.2501 | lr 3.77e-04 | gnorm  0.940 |    29.8k tok/s | mfu 32.4%
step  1299 | loss 0.2170 | lr 3.70e-04 | gnorm  0.843 |    29.7k tok/s | mfu 32.4%
step  1309 | loss 0.1835 | lr 3.63e-04 | gnorm  0.756 |    29.7k tok/s | mfu 32.3%
step  1319 | loss 0.2101 | lr 3.56e-04 | gnorm  0.895 |    29.7k tok/s | mfu 32.4%
step  1329 | loss 0.2027 | lr 3.50e-04 | gnorm  0.765 |    29.7k tok/s | mfu 32.4%
step  1339 | loss 0.2170 | lr 3.43e-04 | gnorm  0.831 |    29.7k tok/s | mfu 32.4%
step  1349 | loss 0.1844 | lr 3.36e-04 | gnorm  0.787 |    29.6k tok/s | mfu 32.3%
step  1359 | loss 0.2326 | lr 3.30e-04 | gnorm  0.943 |    29.7k tok/s | mfu 32.3%
step  1369 | loss 0.1944 | lr 3.23e-04 | gnorm  0.812 |    29.7k tok/s | mfu 32.4%
step  1379 | loss 0.2008 | lr 3.17e-04 | gnorm  0.818 |    29.7k tok/s | mfu 32.4%
step  1389 | loss 0.1745 | lr 3.11e-04 | gnorm  0.724 |    29.7k tok/s | mfu 32.3%
step  1399 | loss 0.1879 | lr 3.04e-04 | gnorm  0.800 |    29.7k tok/s | mfu 32.4%
step  1409 | loss 0.1850 | lr 2.98e-04 | gnorm  0.810 |    29.7k tok/s | mfu 32.3%
step  1419 | loss 0.1636 | lr 2.92e-04 | gnorm  0.698 |    29.7k tok/s | mfu 32.4%
step  1429 | loss 0.1809 | lr 2.86e-04 | gnorm  0.753 |    29.7k tok/s | mfu 32.4%
step  1439 | loss 0.1746 | lr 2.80e-04 | gnorm  0.729 |    29.7k tok/s | mfu 32.3%
step  1449 | loss 0.1704 | lr 2.74e-04 | gnorm  0.704 |    29.6k tok/s | mfu 32.3%
step  1459 | loss 0.1760 | lr 2.68e-04 | gnorm  0.771 |    29.7k tok/s | mfu 32.3%
step  1469 | loss 0.1705 | lr 2.63e-04 | gnorm  0.740 |    29.7k tok/s | mfu 32.3%
step  1479 | loss 0.1550 | lr 2.57e-04 | gnorm  0.679 |    29.7k tok/s | mfu 32.3%
step  1489 | loss 0.1618 | lr 2.51e-04 | gnorm  0.732 |    29.7k tok/s | mfu 32.3%
step  1499 | loss 0.1630 | lr 2.46e-04 | gnorm  0.732 |    29.7k tok/s | mfu 32.3%
  eval @ 1500: val_loss 5.6717 ppl 290.54
step  1509 | loss 0.1631 | lr 2.40e-04 | gnorm  0.702 |    29.8k tok/s | mfu 32.4%
step  1519 | loss 0.1532 | lr 2.35e-04 | gnorm  0.643 |    29.7k tok/s | mfu 32.4%
step  1529 | loss 0.1537 | lr 2.30e-04 | gnorm  0.663 |    29.6k tok/s | mfu 32.2%
step  1539 | loss 0.1570 | lr 2.25e-04 | gnorm  0.716 |    29.7k tok/s | mfu 32.4%
step  1549 | loss 0.1600 | lr 2.19e-04 | gnorm  0.664 |    29.7k tok/s | mfu 32.3%
step  1559 | loss 0.1419 | lr 2.14e-04 | gnorm  0.614 |    29.2k tok/s | mfu 31.8%
step  1569 | loss 0.1452 | lr 2.10e-04 | gnorm  0.620 |    29.7k tok/s | mfu 32.4%
step  1579 | loss 0.1413 | lr 2.05e-04 | gnorm  0.653 |    29.7k tok/s | mfu 32.4%
step  1589 | loss 0.1428 | lr 2.00e-04 | gnorm  0.616 |    29.7k tok/s | mfu 32.3%
step  1599 | loss 0.1280 | lr 1.95e-04 | gnorm  0.560 |    29.7k tok/s | mfu 32.3%
step  1609 | loss 0.1316 | lr 1.91e-04 | gnorm  0.578 |    29.7k tok/s | mfu 32.3%
step  1619 | loss 0.1295 | lr 1.86e-04 | gnorm  0.588 |    29.7k tok/s | mfu 32.4%
step  1629 | loss 0.1441 | lr 1.82e-04 | gnorm  0.640 |    29.6k tok/s | mfu 32.3%
step  1639 | loss 0.1473 | lr 1.78e-04 | gnorm  0.664 |    29.7k tok/s | mfu 32.4%
step  1649 | loss 0.1256 | lr 1.74e-04 | gnorm  0.560 |    29.6k tok/s | mfu 32.3%
step  1659 | loss 0.1122 | lr 1.70e-04 | gnorm  0.527 |    29.7k tok/s | mfu 32.3%
step  1669 | loss 0.1303 | lr 1.66e-04 | gnorm  0.569 |    29.7k tok/s | mfu 32.3%
step  1679 | loss 0.1191 | lr 1.62e-04 | gnorm  0.538 |    29.7k tok/s | mfu 32.4%
step  1689 | loss 0.1351 | lr 1.58e-04 | gnorm  0.587 |    29.7k tok/s | mfu 32.3%
step  1699 | loss 0.1161 | lr 1.55e-04 | gnorm  0.560 |    29.7k tok/s | mfu 32.3%
step  1709 | loss 0.1125 | lr 1.51e-04 | gnorm  0.566 |    29.7k tok/s | mfu 32.4%
step  1719 | loss 0.1358 | lr 1.48e-04 | gnorm  0.597 |    29.7k tok/s | mfu 32.3%
step  1729 | loss 0.1186 | lr 1.44e-04 | gnorm  0.535 |    29.3k tok/s | mfu 31.9%
step  1739 | loss 0.1156 | lr 1.41e-04 | gnorm  0.523 |    29.7k tok/s | mfu 32.3%
step  1749 | loss 0.1304 | lr 1.38e-04 | gnorm  0.615 |    29.7k tok/s | mfu 32.3%
  eval @ 1750: val_loss 5.7913 ppl 327.44
step  1759 | loss 0.1341 | lr 1.35e-04 | gnorm  0.610 |    29.8k tok/s | mfu 32.5%
step  1769 | loss 0.1263 | lr 1.32e-04 | gnorm  0.577 |    29.7k tok/s | mfu 32.4%
step  1779 | loss 0.1277 | lr 1.30e-04 | gnorm  0.531 |    29.6k tok/s | mfu 32.3%
step  1789 | loss 0.1276 | lr 1.27e-04 | gnorm  0.566 |    29.7k tok/s | mfu 32.4%
step  1799 | loss 0.1321 | lr 1.25e-04 | gnorm  0.619 |    29.7k tok/s | mfu 32.3%
step  1809 | loss 0.1137 | lr 1.22e-04 | gnorm  0.531 |    29.7k tok/s | mfu 32.3%
step  1819 | loss 0.1259 | lr 1.20e-04 | gnorm  0.561 |    29.7k tok/s | mfu 32.3%
step  1829 | loss 0.1217 | lr 1.18e-04 | gnorm  0.590 |    29.7k tok/s | mfu 32.3%
step  1839 | loss 0.1180 | lr 1.16e-04 | gnorm  0.548 |    29.7k tok/s | mfu 32.4%
step  1849 | loss 0.1065 | lr 1.14e-04 | gnorm  0.512 |    29.7k tok/s | mfu 32.3%
step  1859 | loss 0.1100 | lr 1.12e-04 | gnorm  0.512 |    29.7k tok/s | mfu 32.4%
step  1869 | loss 0.1185 | lr 1.11e-04 | gnorm  0.568 |    29.7k tok/s | mfu 32.3%
step  1879 | loss 0.1184 | lr 1.09e-04 | gnorm  0.565 |    29.7k tok/s | mfu 32.3%
step  1889 | loss 0.1213 | lr 1.08e-04 | gnorm  0.576 |    29.7k tok/s | mfu 32.3%
step  1899 | loss 0.1122 | lr 1.06e-04 | gnorm  0.534 |    29.7k tok/s | mfu 32.3%
step  1909 | loss 0.1149 | lr 1.05e-04 | gnorm  0.549 |    29.7k tok/s | mfu 32.4%
step  1919 | loss 0.1142 | lr 1.04e-04 | gnorm  0.534 |    29.7k tok/s | mfu 32.3%
step  1929 | loss 0.1226 | lr 1.03e-04 | gnorm  0.554 |    29.7k tok/s | mfu 32.3%
step  1939 | loss 0.1079 | lr 1.02e-04 | gnorm  0.504 |    29.7k tok/s | mfu 32.4%
step  1949 | loss 0.1176 | lr 1.02e-04 | gnorm  0.513 |    29.7k tok/s | mfu 32.3%
step  1959 | loss 0.1101 | lr 1.01e-04 | gnorm  0.510 |    29.7k tok/s | mfu 32.4%
step  1969 | loss 0.1130 | lr 1.01e-04 | gnorm  0.533 |    29.7k tok/s | mfu 32.3%
step  1979 | loss 0.1178 | lr 1.00e-04 | gnorm  0.545 |    29.7k tok/s | mfu 32.3%
step  1989 | loss 0.1162 | lr 1.00e-04 | gnorm  0.493 |    29.7k tok/s | mfu 32.4%
step  1999 | loss 0.1023 | lr 1.00e-04 | gnorm  0.463 |    29.6k tok/s | mfu 32.3%
  eval @ 2000: val_loss 5.8682 ppl 353.61
best val loss 3.3599 -> out/pretrain/best.pt
